exports[`components <RouteProfileRendererHost /> renders as expected 1`] = `<div />`;
